alignContent
alignItems
alignSelf
animation
animationDelay
animationDirection
animationDuration
animationFillMode
animationIterationCount
animationName
animationPlayState
animationTimingFunction
appearance
appRegion
aspectRatio
backfaceVisibility
background
backgroundAttachment
backgroundBlendMode
backgroundClip
backgroundColor
backgroundComposite
backgroundImage
backgroundOrigin
backgroundPosition
backgroundPositionX
backgroundPositionY
backgroundRepeat
backgroundRepeatX
backgroundRepeatY
backgroundSize
border
borderAfter
borderAfterColor
borderAfterStyle
borderAfterWidth
borderBefore
borderBeforeColor
borderBeforeStyle
borderBeforeWidth
borderBottom
borderBottomColor
borderBottomLeftRadius
borderBottomRightRadius
borderBottomStyle
borderBottomWidth
borderCollapse
borderColor
borderEnd
borderEndColor
borderEndStyle
borderEndWidth
borderFit
borderHorizontalSpacing
borderImage
borderImageOutset
borderImageRepeat
borderImageSlice
borderImageSource
borderImageWidth
borderLeft
borderLeftColor
borderLeftStyle
borderLeftWidth
borderRadius
borderRight
borderRightColor
borderRightStyle
borderRightWidth
borderSpacing
borderStart
borderStartColor
borderStartStyle
borderStartWidth
borderStyle
borderTop
borderTopColor
borderTopLeftRadius
borderTopRightRadius
borderTopStyle
borderTopWidth
borderVerticalSpacing
borderWidth
bottom
boxAlign
boxDecorationBreak
boxDirection
boxFlex
boxFlexGroup
boxLines
boxOrdinalGroup
boxOrient
boxPack
boxReflect
boxShadow
boxSizing
captionSide
clear
clip
clipPath
color
columnBreakAfter
columnBreakBefore
columnBreakInside
columnCount
columnFill
columnGap
columnRule
columnRuleColor
columnRuleStyle
columnRuleWidth
columns
columnSpan
columnWidth
content
counterIncrement
counterReset
cursor
direction
display
emptyCells
filter
flex
flexBasis
flexDirection
flexFlow
flexGrow
flexShrink
flexWrap
float
font
fontFamily
fontFeatureSettings
fontKerning
fontSize
fontSizeDelta
fontSmoothing
fontStretch
fontStyle
fontVariant
fontVariantLigatures
fontWeight
grid
gridArea
gridAutoColumns
gridAutoFlow
gridAutoRows
gridColumn
gridColumnEnd
gridColumnStart
gridRow
gridRowEnd
gridRowStart
gridTemplate
gridTemplateAreas
gridTemplateColumns
gridTemplateRows
highlight
hyphenateCharacter
imageRendering
isolation
justifyContent
justifySelf
letterSpacing
lineBoxContain
lineBreak
lineClamp
lineHeight
listStyle
listStyleImage
listStylePosition
listStyleType
locale
logicalHeight
logicalWidth
margin
marginAfter
marginAfterCollapse
marginBefore
marginBeforeCollapse
marginBottom
marginBottomCollapse
marginCollapse
marginEnd
marginLeft
marginRight
marginStart
marginTop
marginTopCollapse
mask
maskBoxImage
maskBoxImageOutset
maskBoxImageRepeat
maskBoxImageSlice
maskBoxImageSource
maskBoxImageWidth
maskClip
maskComposite
maskImage
maskOrigin
maskPosition
maskPositionX
maskPositionY
maskRepeat
maskRepeatX
maskRepeatY
maskSize
maskSourceType
maxHeight
maxLogicalHeight
maxLogicalWidth
maxWidth
maxZoom
minHeight
minLogicalHeight
minLogicalWidth
minWidth
minZoom
mixBlendMode
objectFit
objectPosition
opacity
order
orientation
orphans
outline
outlineColor
outlineOffset
outlineStyle
outlineWidth
overflow
overflowWrap
overflowX
overflowY
padding
paddingAfter
paddingBefore
paddingBottom
paddingEnd
paddingLeft
paddingRight
paddingStart
paddingTop
page
pageBreakAfter
pageBreakBefore
pageBreakInside
perspective
perspectiveOrigin
perspectiveOriginX
perspectiveOriginY
pointerEvents
position
printColorAdjust
quotes
resize
right
rtlOrdering
rubyPosition
scrollBehavior
shapeImageThreshold
shapeMargin
shapeOutside
size
speak
src
tableLayout
tabSize
tapHighlightColor
textAlign
textAlignLast
textCombine
textDecoration
textDecorationColor
textDecorationLine
textDecorationsInEffect
textDecorationStyle
textEmphasis
textEmphasisColor
textEmphasisPosition
textEmphasisStyle
textFillColor
textIndent
textJustify
textLineThroughColor
textLineThroughMode
textLineThroughStyle
textLineThroughWidth
textOrientation
textOverflow
textOverlineColor
textOverlineMode
textOverlineStyle
textOverlineWidth
textRendering
textSecurity
textShadow
textStroke
textStrokeColor
textStrokeWidth
textTransform
textUnderlineColor
textUnderlineMode
textUnderlinePosition
textUnderlineStyle
textUnderlineWidth
touchAction
touchActionDelay
transform
transformOrigin
transformOriginX
transformOriginY
transformOriginZ
transformStyle
transition
transitionDelay
transitionDuration
transitionProperty
transitionTimingFunction
unicodeBidi
unicodeRange
userDrag
userModify
userSelect
userZoom
verticalAlign
visibility
whiteSpace
widows
willChange
wordBreak
wordSpacing
wordWrap
wrapFlow
wrapThrough
writingMode
zIndex
zoom
