alignContent
alignItems
alignSelf
animation
animationDelay
animationDirection
animationDuration
animationFillMode
animationIterationCount
animationName
animationPlayState
animationTimingFunction
appearance
appRegion
aspectRatio
backfaceVisibility
background
backgroundAttachment
backgroundClip
backgroundColor
backgroundComposite
backgroundImage
backgroundOrigin
backgroundPosition
backgroundPositionX
backgroundPositionY
backgroundRepeat
backgroundRepeatX
backgroundRepeatY
backgroundSize
blendMode
border
borderAfter
borderAfterColor
borderAfterStyle
borderAfterWidth
borderBefore
borderBeforeColor
borderBeforeStyle
borderBeforeWidth
borderBottom
borderBottomColor
borderBottomLeftRadius
borderBottomRightRadius
borderBottomStyle
borderBottomWidth
borderCollapse
borderColor
borderEnd
borderEndColor
borderEndStyle
borderEndWidth
borderFit
borderHorizontalSpacing
borderImage
borderImageOutset
borderImageRepeat
borderImageSlice
borderImageSource
borderImageWidth
borderLeft
borderLeftColor
borderLeftStyle
borderLeftWidth
borderRadius
borderRight
borderRightColor
borderRightStyle
borderRightWidth
borderSpacing
borderStart
borderStartColor
borderStartStyle
borderStartWidth
borderStyle
borderTop
borderTopColor
borderTopLeftRadius
borderTopRightRadius
borderTopStyle
borderTopWidth
borderVerticalSpacing
borderWidth
bottom
boxAlign
boxDecorationBreak
boxDirection
boxFlex
boxFlexGroup
boxLines
boxOrdinalGroup
boxOrient
boxPack
boxReflect
boxShadow
boxSizing
captionSide
clear
clip
clipPath
color
colorCorrection
columnAxis
columnBreakAfter
columnBreakBefore
columnBreakInside
columnCount
columnGap
columnProgression
columnRule
columnRuleColor
columnRuleStyle
columnRuleWidth
columnSpan
columnWidth
columns
content
counterIncrement
counterReset
cursor
dashboardRegion
direction
display
emptyCells
filter
flex
flexAlign
flexBasis
flexDirection
flexFlow
flexGrow
flexOrder
flexPack
flexShrink
flexWrap
float
flowFrom
flowInto
font
fontFamily
fontFeatureSettings
fontKerning
fontSize
fontSizeDelta
fontSmoothing
fontStretch
fontStyle
fontVariant
fontVariantLigatures
fontWeight
gridColumn
gridColumns
gridRow
gridRows
height
highlight
hyphenateCharacter
hyphenateLimitAfter
hyphenateLimitBefore
hyphenateLimitLines
hyphens
imageOrientation
imageRendering
imageResolution
justifyContent
left
letterSpacing
lineAlign
lineBoxContain
lineBreak
lineClamp
lineGrid
lineHeight
lineSnap
listStyle
listStyleImage
listStylePosition
listStyleType
locale
logicalHeight
logicalWidth
margin
marginAfter
marginAfterCollapse
marginBefore
marginBeforeCollapse
marginBottom
marginBottomCollapse
marginCollapse
marginEnd
marginLeft
marginRight
marginStart
marginTop
marginTopCollapse
marquee
marqueeDirection
marqueeIncrement
marqueeRepetition
marqueeSpeed
marqueeStyle
mask
maskAttachment
maskBoxImage
maskBoxImageOutset
maskBoxImageRepeat
maskBoxImageSlice
maskBoxImageSource
maskBoxImageWidth
maskClip
maskComposite
maskImage
maskOrigin
maskPosition
maskPositionX
maskPositionY
maskRepeat
maskRepeatX
maskRepeatY
maskSize
matchNearestMailBlockquoteColor
maxHeight
maxLogicalHeight
maxLogicalWidth
maxWidth
maxZoom
minHeight
minLogicalHeight
minLogicalWidth
minWidth
minZoom
nbspMode
opacity
order
orientation
orphans
outline
outlineColor
outlineOffset
outlineStyle
outlineWidth
overflow
overflowScrolling
overflowWrap
overflowX
overflowY
padding
paddingAfter
paddingBefore
paddingBottom
paddingEnd
paddingLeft
paddingRight
paddingStart
paddingTop
page
pageBreakAfter
pageBreakBefore
pageBreakInside
perspective
perspectiveOrigin
perspectiveOriginX
perspectiveOriginY
pointerEvents
position
printColorAdjust
quotes
regionBreakAfter
regionBreakBefore
regionBreakInside
regionOverflow
resize
right
rtlOrdering
shapeInside
shapeMargin
shapeOutside
shapePadding
size
speak
src
tableLayout
tabSize
tapHighlightColor
textAlign
textAlignLast
textCombine
textDecoration
textDecorationLine
textDecorationsInEffect
textDecorationStyle
textEmphasis
textEmphasisColor
textEmphasisPosition
textEmphasisStyle
textFillColor
textIndent
textLineThrough
textLineThroughColor
textLineThroughMode
textLineThroughStyle
textLineThroughWidth
textOrientation
textOverflow
textOverline
textOverlineColor
textOverlineMode
textOverlineStyle
textOverlineWidth
textRendering
textSecurity
textShadow
textSizeAdjust
textStroke
textStrokeColor
textStrokeWidth
textTransform
textUnderline
textUnderlineColor
textUnderlineMode
textUnderlineStyle
textUnderlineWidth
top
transform
transformOrigin
transformOriginX
transformOriginY
transformOriginZ
transformStyle
transition
transitionDelay
transitionDuration
transitionProperty
transitionTimingFunction
unicodeBidi
unicodeRange
userDrag
userModify
userSelect
userZoom
verticalAlign
visibility
whiteSpace
widows
width
wordBreak
wordSpacing
wordWrap
wrap
wrapFlow
wrapShape
wrapThrough
writingMode
zIndex
zoom
